Report End Points: 
-----+-------+------+-------+-----+-----+-----+-----+-----------+---------
     |Group  |Launch|Capture|Shift|Delay|Depth|Slack|Begin Point|End Point
-----+-------+------+-------+-----+-----+-----+-----+-----------+---------
1    |default|      |       |     |     |     |     |           |         
-----+-------+------+-------+-----+-----+-----+-----+-----------+---------
Report End Points: 
-----+-----+------+-------+-----+-----+-----+-----+-----------+---------
     |Group|Launch|Capture|Shift|Delay|Depth|Slack|Begin Point|End Point
-----+-----+------+-------+-----+-----+-----+-----+-----------+---------
1    |I2R  |      |       |     |     |     |     |           |         
-----+-----+------+-------+-----+-----+-----+-----+-----------+---------
Report End Points: 
-----+-----+--------------+-------+-------+------+-----+-------+---------------+-----------
     |Group|Launch        |Capture|Shift  |Delay |Depth|Slack  |Begin Point    |End Point  
-----+-----+--------------+-------+-------+------+-----+-------+---------------+-----------
1    |I2O  |rtDefaultClock|vsysclk|60000.0|5941.8|   78|35358.2|multiplicand[1]|product[30]
2    |I2O  |rtDefaultClock|vsysclk|60000.0|5941.8|   78|35358.2|multiplicand[1]|product[31]
3    |I2O  |rtDefaultClock|vsysclk|60000.0|5836.8|   78|35463.2|multiplicand[1]|product[29]
-----+-----+--------------+-------+-------+------+-----+-------+---------------+-----------
Report End Points: 
-----+-----+------+-------+-----+-----+-----+-----+-----------+---------
     |Group|Launch|Capture|Shift|Delay|Depth|Slack|Begin Point|End Point
-----+-----+------+-------+-----+-----+-----+-----+-----------+---------
1    |R2O  |      |       |     |     |     |     |           |         
-----+-----+------+-------+-----+-----+-----+-----+-----------+---------
