Report for group default
Report for group I2R
Report for group I2O
------------------------------------------------------------------------------------------------------------------------------------------------------------
Startpoint: multiplicand[1]
    (Clocked by rtDefaultClock R)
Endpoint: product[30]
    (Clocked by vsysclk R)
Path Group: I2O
Data required time: 42000.0
    (Clock shift: 60000.0, minus Uncertainty: 0.0, plus Latency 0.0, minus Out delay: 18000.0)
Data arrival time: 6641.8
Slack: 35358.2
Logic depth: 78
------------------------------------------------------------------------------------------------------------------------------------------------------------
                                                     Arrival               Arc      Net               Net    Total   fan-                                   
Path                     Module/Cell           Edge     Time    Delay    Delay    Delay     Slew     Load     Load    out     Location Power Domain      (V)
                                                        (ps)     (ps)     (ps)     (ps)     (ps)     (ff)     (ff)    (#)      (um,um)                      
------------------------------------------------------------------------------------------------------------------------------------------------------------
multiplicand[1]          {set_input_delay}        f    700.0    700.0    700.0                        8.3     86.0     17     0,   66                       
i_0_0_597/A1->ZN         NOR2_X4*                fr    797.3     96.1     96.1      0.0    100.0      1.3     30.6      2    63,   64  /PD_TOP        (1.10)
i_0_0_596/A->ZN          INV_X8                  rf    805.8      8.5      8.5      0.0     15.3      1.3      9.6      2    63,   64  /PD_TOP        (1.10)
i_0_0_595/A2->ZN         NOR2_X4*                fr    863.4     57.6     57.6      0.0      4.1      1.3     30.6      2    63,   64  /PD_TOP        (1.10)
i_0_0_557/A->ZN          AOI21_X4*               rf    905.7     42.3     42.3      0.0     15.3     14.2     74.9     17    63,   64  /PD_TOP        (1.10)
i_0_0_542/A2->ZN         AND2_X4                 ff    940.2     34.5     34.0      0.5     15.3      1.5      8.5      2    63,   64  /PD_TOP        (1.10)
i_0_2/i_2/B->CO          FA_X1                   ff   1019.2     80.2     79.0      1.2      6.6      0.8      3.6      1    63,   64  /PD_TOP        (1.10)
i_0_2/i_3/CI->S          FA_X1                   ff   1110.7     91.5     91.5      0.0     15.9      0.9      3.2      1    63,   64  /PD_TOP        (1.10)
i_0_0_509/B1->ZN         AOI222_X4               fr   1246.9    136.2    136.2      0.0     16.6      0.8     26.2      1    63,   64  /PD_TOP        (1.10)
i_0_0_508/A->ZN          INV_X8                  rf   1256.5      9.6      9.6      0.0     18.6      2.4     11.6      3    63,   64  /PD_TOP        (1.10)
i_0_6/i_2/B->CO          FA_X1                   ff   1334.6     78.1     78.1      0.0      4.3      0.8      3.6      1    63,   64  /PD_TOP        (1.10)
i_0_6/i_3/CI->S          FA_X1                   ff   1426.1     91.5     91.5      0.0     15.9      0.9      3.2      1    63,   64  /PD_TOP        (1.10)
i_0_0_473/B1->ZN         AOI222_X4               fr   1562.3    136.2    136.2      0.0     16.6      0.8     26.2      1    63,   64  /PD_TOP        (1.10)
i_0_0_472/A->ZN          INV_X8                  rf   1571.9      9.6      9.6      0.0     18.6      2.4     11.6      3    63,   64  /PD_TOP        (1.10)
i_0_8/i_2/B->CO          FA_X1                   ff   1650.0     78.1     78.1      0.0      4.3      0.8      3.6      1    63,   64  /PD_TOP        (1.10)
i_0_8/i_3/CI->S          FA_X1                   ff   1741.5     91.5     91.5      0.0     15.9      0.9      3.2      1    63,   64  /PD_TOP        (1.10)
i_0_0_437/B1->ZN         AOI222_X4               fr   1877.7    136.2    136.2      0.0     16.6      0.8     26.2      1    63,   64  /PD_TOP        (1.10)
i_0_0_436/A->ZN          INV_X8                  rf   1887.3      9.6      9.6      0.0     18.6      2.4     11.6      3    63,   64  /PD_TOP        (1.10)
i_0_12/i_2/B->CO         FA_X1                   ff   1965.4     78.1     78.1      0.0      4.3      0.8      3.6      1    63,   64  /PD_TOP        (1.10)
i_0_12/i_3/CI->S         FA_X1                   ff   2056.9     91.5     91.5      0.0     15.9      0.9      3.2      1    63,   64  /PD_TOP        (1.10)
i_0_0_401/B1->ZN         AOI222_X4               fr   2193.1    136.2    136.2      0.0     16.6      0.8     26.2      1    63,   64  /PD_TOP        (1.10)
i_0_0_400/A->ZN          INV_X8                  rf   2202.7      9.6      9.6      0.0     18.6      2.4     11.6      3    63,   64  /PD_TOP        (1.10)
i_0_15/i_2/B->CO         FA_X1                   ff   2280.8     78.1     78.1      0.0      4.3      0.8      3.6      1    63,   64  /PD_TOP        (1.10)
i_0_15/i_3/CI->S         FA_X1                   ff   2372.3     91.5     91.5      0.0     15.9      0.9      3.2      1    63,   64  /PD_TOP        (1.10)
i_0_0_365/B1->ZN         AOI222_X4               fr   2508.5    136.2    136.2      0.0     16.6      0.8     26.2      1    63,   64  /PD_TOP        (1.10)
i_0_0_364/A->ZN          INV_X8                  rf   2518.1      9.6      9.6      0.0     18.6      2.4     11.6      3    63,   64  /PD_TOP        (1.10)
i_0_18/i_2/B->CO         FA_X1                   ff   2596.2     78.1     78.1      0.0      4.3      0.8      3.6      1    63,   64  /PD_TOP        (1.10)
i_0_18/i_3/CI->S         FA_X1                   ff   2687.7     91.5     91.5      0.0     15.9      0.9      3.2      1    63,   64  /PD_TOP        (1.10)
i_0_0_329/B1->ZN         AOI222_X4               fr   2823.9    136.2    136.2      0.0     16.6      0.8     26.2      1    63,   64  /PD_TOP        (1.10)
i_0_0_328/A->ZN          INV_X8                  rf   2833.5      9.6      9.6      0.0     18.6      2.4     11.6      3    63,   64  /PD_TOP        (1.10)
i_0_21/i_2/B->CO         FA_X1                   ff   2911.6     78.1     78.1      0.0      4.3      0.8      3.6      1    63,   64  /PD_TOP        (1.10)
i_0_21/i_3/CI->S         FA_X1                   ff   3003.1     91.5     91.5      0.0     15.9      0.9      3.2      1    63,   64  /PD_TOP        (1.10)
i_0_0_293/B1->ZN         AOI222_X4               fr   3139.3    136.2    136.2      0.0     16.6      0.8     26.2      1    63,   64  /PD_TOP        (1.10)
i_0_0_292/A->ZN          INV_X8                  rf   3148.9      9.6      9.6      0.0     18.6      2.4     11.6      3    63,   64  /PD_TOP        (1.10)
i_0_24/i_2/B->CO         FA_X1                   ff   3227.0     78.1     78.1      0.0      4.3      0.8      3.6      1    63,   64  /PD_TOP        (1.10)
i_0_24/i_3/CI->S         FA_X1                   ff   3318.5     91.5     91.5      0.0     15.9      0.9      3.2      1    63,   64  /PD_TOP        (1.10)
i_0_0_257/B1->ZN         AOI222_X4               fr   3454.7    136.2    136.2      0.0     16.6      0.8     26.2      1    63,   64  /PD_TOP        (1.10)
i_0_0_256/A->ZN          INV_X8                  rf   3464.3      9.6      9.6      0.0     18.6      2.4     11.6      3    63,   64  /PD_TOP        (1.10)
i_0_27/i_2/B->CO         FA_X1                   ff   3542.4     78.1     78.1      0.0      4.3      0.8      3.6      1    63,   64  /PD_TOP        (1.10)
i_0_27/i_3/CI->S         FA_X1                   ff   3633.9     91.5     91.5      0.0     15.9      0.9      3.2      1    63,   64  /PD_TOP        (1.10)
i_0_0_221/B1->ZN         AOI222_X4               fr   3770.1    136.2    136.2      0.0     16.6      0.8     26.2      1    63,   64  /PD_TOP        (1.10)
i_0_0_220/A->ZN          INV_X8                  rf   3779.7      9.6      9.6      0.0     18.6      2.4     11.6      3    63,   64  /PD_TOP        (1.10)
i_0_30/i_2/B->CO         FA_X1                   ff   3857.8     78.1     78.1      0.0      4.3      0.8      3.6      1    63,   64  /PD_TOP        (1.10)
i_0_30/i_3/CI->S         FA_X1                   ff   3949.3     91.5     91.5      0.0     15.9      0.9      3.2      1    63,   64  /PD_TOP        (1.10)
i_0_0_185/B1->ZN         AOI222_X4               fr   4085.5    136.2    136.2      0.0     16.6      0.8     26.2      1    63,   64  /PD_TOP        (1.10)
i_0_0_184/A->ZN          INV_X8                  rf   4095.1      9.6      9.6      0.0     18.6      2.4     11.6      3    63,   64  /PD_TOP        (1.10)
i_0_32/i_2/B->CO         FA_X1                   ff   4173.2     78.1     78.1      0.0      4.3      0.8      3.6      1    63,   64  /PD_TOP        (1.10)
i_0_32/i_3/CI->S         FA_X1                   ff   4264.7     91.5     91.5      0.0     15.9      0.9      3.2      1    63,   64  /PD_TOP        (1.10)
i_0_0_149/B1->ZN         AOI222_X4               fr   4400.9    136.2    136.2      0.0     16.6      0.8     26.2      1    63,   64  /PD_TOP        (1.10)
i_0_0_148/A->ZN          INV_X8                  rf   4410.5      9.6      9.6      0.0     18.6      2.4     11.6      3    63,   64  /PD_TOP        (1.10)
i_0_35/i_2/B->CO         FA_X1                   ff   4488.6     78.1     78.1      0.0      4.3      0.8      3.6      1    63,   64  /PD_TOP        (1.10)
i_0_35/i_3/CI->S         FA_X1                   ff   4580.1     91.5     91.5      0.0     15.9      0.9      3.2      1    63,   64  /PD_TOP        (1.10)
i_0_0_113/B1->ZN         AOI222_X4               fr   4716.3    136.2    136.2      0.0     16.6      0.8     26.2      1    63,   64  /PD_TOP        (1.10)
i_0_0_112/A->ZN          INV_X8                  rf   4725.9      9.6      9.6      0.0     18.6      2.4     11.6      3    63,   64  /PD_TOP        (1.10)
i_0_38/i_2/B->CO         FA_X1                   ff   4804.0     78.1     78.1      0.0      4.3      0.8      3.6      1    63,   64  /PD_TOP        (1.10)
i_0_38/i_3/CI->S         FA_X1                   ff   4895.5     91.5     91.5      0.0     15.9      0.9      3.2      1    63,   64  /PD_TOP        (1.10)
i_0_0_77/B1->ZN          AOI222_X4               fr   5031.7    136.2    136.2      0.0     16.6      0.8     26.2      1    63,   64  /PD_TOP        (1.10)
i_0_0_76/A->ZN           INV_X8                  rf   5041.3      9.6      9.6      0.0     18.6      2.4     11.6      3    63,   64  /PD_TOP        (1.10)
i_0_42/i_2/B->CO         FA_X1                   ff   5119.4     78.1     78.1      0.0      4.3      0.8      3.6      1    63,   64  /PD_TOP        (1.10)
i_0_42/i_3/CI->S         FA_X1                   ff   5210.9     91.5     91.5      0.0     15.9      0.9      3.2      1    63,   64  /PD_TOP        (1.10)
i_0_0_41/B1->ZN          AOI222_X4               fr   5347.1    136.2    136.2      0.0     16.6      0.8     26.2      1    63,   64  /PD_TOP        (1.10)
i_0_0_40/A->ZN           INV_X8                  rf   5356.7      9.6      9.6      0.0     18.6      2.4     11.6      3    63,   64  /PD_TOP        (1.10)
i_0_44/i_2/B->CO         FA_X1                   ff   5434.8     78.1     78.1      0.0      4.3      0.8      3.6      1    63,   64  /PD_TOP        (1.10)
i_0_44/i_3/CI->CO        FA_X1                   ff   5509.0     74.2     74.2      0.0     15.9      0.8      3.6      1    63,   64  /PD_TOP        (1.10)
i_0_44/i_4/CI->CO        FA_X1                   ff   5583.2     74.2     74.2      0.0     15.9      0.8      3.6      1    63,   64  /PD_TOP        (1.10)
i_0_44/i_5/CI->CO        FA_X1                   ff   5657.4     74.2     74.2      0.0     15.9      0.8      3.6      1    63,   64  /PD_TOP        (1.10)
i_0_44/i_6/CI->CO        FA_X1                   ff   5731.6     74.2     74.2      0.0     15.9      0.8      3.6      1    63,   64  /PD_TOP        (1.10)
i_0_44/i_7/CI->CO        FA_X1                   ff   5805.8     74.2     74.2      0.0     15.9      0.8      3.6      1    63,   64  /PD_TOP        (1.10)
i_0_44/i_8/CI->CO        FA_X1                   ff   5880.0     74.2     74.2      0.0     15.9      0.8      3.6      1    63,   64  /PD_TOP        (1.10)
i_0_44/i_9/CI->CO        FA_X1                   ff   5954.2     74.2     74.2      0.0     15.9      0.8      3.6      1    63,   64  /PD_TOP        (1.10)
i_0_44/i_10/CI->CO       FA_X1                   ff   6028.4     74.2     74.2      0.0     15.9      0.8      3.6      1    63,   64  /PD_TOP        (1.10)
i_0_44/i_11/CI->CO       FA_X1                   ff   6102.6     74.2     74.2      0.0     15.9      0.8      3.6      1    63,   64  /PD_TOP        (1.10)
i_0_44/i_12/CI->CO       FA_X1                   ff   6176.8     74.2     74.2      0.0     15.9      0.8      3.6      1    63,   64  /PD_TOP        (1.10)
i_0_44/i_13/CI->CO       FA_X1                   ff   6251.0     74.2     74.2      0.0     15.9      0.8      3.6      1    63,   64  /PD_TOP        (1.10)
i_0_44/i_14/CI->CO       FA_X1*                  ff   6368.3    117.3    117.3      0.0     15.9      1.6     28.6      2    63,   64  /PD_TOP        (1.10)
i_0_44/i_17/B3->ZN       OAI33_X1                fr   6472.0    103.7    103.7      0.0     15.3      0.8      4.2      1    63,   64  /PD_TOP        (1.10)
i_0_44/i_16/B->Z         XOR2_X2                 rf   6496.4     24.4     24.4      0.0     76.5      9.9      3.2      1    63,   64  /PD_TOP        (1.10)
i_0_0_31/B1->ZN          AOI221_X4               fr   6626.2    129.8    129.8      0.0     12.0      0.8     26.2      1    63,   64  /PD_TOP        (1.10)
i_0_0_30/A->ZN           INV_X8                  rf   6640.5     14.3     14.3      0.0     18.6      9.2     29.2      2    63,   64  /PD_TOP        (1.10)
product[30]                                       f   6641.8      1.3               1.3      6.3                             59,  127                       
------------------------------------------------------------------------------------------------------------------------------------------------------------
Report for group R2O
