warning: No library characterized for (process = 1.00 voltage = 0.85 temperature = 25.00) can be found in the database for power domain '/PD_TOP'  [NL-174]
Report Power (instances with prefix '*' are included in total) : 
-----+--------------+--------------------+---------------------+-------------------+-----------------
     | Instance     | Internal Power(uw) | Switching Power(uw) | Leakage Power(uw) | Total Power(uw) 
-----+--------------+--------------------+---------------------+-------------------+-----------------
1    |*RAM1         |            2.177014|             0.571361|           0.093465|         2.841841
2    |*DMA1         |           21.814968|            26.959656|           3.714461|        52.489082
3    |*FILTER_BUFFER|         3406.381592|          4413.732910|         156.157578|      7976.271973
4    |*CNN1         |          898.729614|          1672.796753|          64.333092|      2635.859375
5    |              |                    |                     |                   |                 
6    |*TOTAL        |         4329.103516|          6114.061035|         224.298599|     10667.462891
-----+--------------+--------------------+---------------------+-------------------+-----------------
