Report End Points: 
-----+-------+------+-------+-----+-----+-----+-----+-----------+---------
     |Group  |Launch|Capture|Shift|Delay|Depth|Slack|Begin Point|End Point
-----+-------+------+-------+-----+-----+-----+-----+-----------+---------
1    |default|      |       |     |     |     |     |           |         
-----+-------+------+-------+-----+-----+-----+-----+-----------+---------
Report End Points: 
-----+-----+------+-------+-----+-----+-----+-----+-----------+---------
     |Group|Launch|Capture|Shift|Delay|Depth|Slack|Begin Point|End Point
-----+-----+------+-------+-----+-----+-----+-----+-----------+---------
1    |I2R  |      |       |     |     |     |     |           |         
-----+-----+------+-------+-----+-----+-----+-----+-----------+---------
Report End Points: 
-----+-----+--------------+-------+-------+------+-----+-------+-----------------+-------------
     |Group|Launch        |Capture|Shift  |Delay |Depth|Slack  |Begin Point      |End Point    
-----+-----+--------------+-------+-------+------+-----+-------+-----------------+-------------
1    |I2O  |rtDefaultClock|vsysclk|60000.0|1402.0|   20|39898.0|image_in[0][1][0]|pixel_out[13]
2    |I2O  |rtDefaultClock|vsysclk|60000.0|1310.6|   17|39989.4|image_in[0][1][0]|pixel_out[12]
3    |I2O  |rtDefaultClock|vsysclk|60000.0|1236.4|   16|40063.6|image_in[0][1][0]|pixel_out[11]
-----+-----+--------------+-------+-------+------+-----+-------+-----------------+-------------
Report End Points: 
-----+-----+------+-------+-----+-----+-----+-----+-----------+---------
     |Group|Launch|Capture|Shift|Delay|Depth|Slack|Begin Point|End Point
-----+-----+------+-------+-----+-----+-----+-----+-----------+---------
1    |R2O  |      |       |     |     |     |     |           |         
-----+-----+------+-------+-----+-----+-----+-----+-----------+---------
