warning: No library characterized for (process = 1.00 voltage = 0.85 temperature = 25.00) can be found in the database for power domain '/PD_TOP'  [NL-174]
Report Power (instances with prefix '*' are included in total) : 
-----+------------------+--------------------+---------------------+-------------------+-----------------
     | Instance         | Internal Power(uw) | Switching Power(uw) | Leakage Power(uw) | Total Power(uw) 
-----+------------------+--------------------+---------------------+-------------------+-----------------
1    |*pixel_out_reg[13]|            1.152890|             1.290473|           0.079112|         2.522475
2    |*pixel_out_reg[12]|            1.152890|             1.290667|           0.079112|         2.522670
3    |*pixel_out_reg[11]|            1.152887|             1.289694|           0.079112|         2.521694
4    |*pixel_out_reg[10]|            1.152882|             1.287940|           0.079112|         2.519934
5    |*pixel_out_reg[9] |            1.152884|             1.288719|           0.079112|         2.520716
6    |*pixel_out_reg[8] |            1.152884|             1.288719|           0.079112|         2.520716
7    |*pixel_out_reg[7] |            1.152876|             1.286286|           0.079112|         2.518275
8    |*pixel_out_reg[6] |            1.152879|             1.287065|           0.079112|         2.519056
9    |*pixel_out_reg[5] |            1.152881|             1.287747|           0.079112|         2.519740
10   |*pixel_out_reg[4] |            1.152882|             1.287940|           0.079112|         2.519934
11   |*pixel_out_reg[3] |            1.152879|             1.286968|           0.079112|         2.518958
12   |*pixel_out_reg[2] |            1.152873|             1.285214|           0.079112|         2.517199
13   |*pixel_out_reg[1] |            1.152875|             1.285993|           0.079112|         2.517981
14   |*pixel_out_reg[0] |            1.152875|             1.285993|           0.079112|         2.517981
15   |*i_0_1            |          168.718857|           103.819275|           3.523120|       276.061249
16   |                  |                    |                     |                   |                 
17   |*TOTAL            |          184.859207|           121.848686|           4.630692|       311.338593
-----+------------------+--------------------+---------------------+-------------------+-----------------
