Report End Points: 
-----+-------+------+-------+-----+-----+-----+-----+-----------+---------
     |Group  |Launch|Capture|Shift|Delay|Depth|Slack|Begin Point|End Point
-----+-------+------+-------+-----+-----+-----+-----+-----------+---------
1    |default|      |       |     |     |     |     |           |         
-----+-------+------+-------+-----+-----+-----+-----+-----------+---------
Report End Points: 
-----+-----+------+-------+-----+-----+-----+-----+-----------+---------
     |Group|Launch|Capture|Shift|Delay|Depth|Slack|Begin Point|End Point
-----+-----+------+-------+-----+-----+-----+-----+-----------+---------
1    |I2R  |      |       |     |     |     |     |           |         
-----+-----+------+-------+-----+-----+-----+-----+-----------+---------
Report End Points: 
-----+-----+--------------+-------+-------+------+-----+-------+-----------------+-------------
     |Group|Launch        |Capture|Shift  |Delay |Depth|Slack  |Begin Point      |End Point    
-----+-----+--------------+-------+-------+------+-----+-------+-----------------+-------------
1    |I2O  |rtDefaultClock|vsysclk|60000.0|1305.1|   17|39994.9|image_in[0][1][0]|pixel_out[13]
2    |I2O  |rtDefaultClock|vsysclk|60000.0|1303.6|   16|39996.4|image_in[0][1][0]|pixel_out[12]
3    |I2O  |rtDefaultClock|vsysclk|60000.0|1229.4|   15|40070.6|image_in[0][1][0]|pixel_out[11]
-----+-----+--------------+-------+-------+------+-----+-------+-----------------+-------------
Report End Points: 
-----+-----+------+-------+-----+-----+-----+-----+-----------+---------
     |Group|Launch|Capture|Shift|Delay|Depth|Slack|Begin Point|End Point
-----+-----+------+-------+-----+-----+-----+-----+-----------+---------
1    |R2O  |      |       |     |     |     |     |           |         
-----+-----+------+-------+-----+-----+-----+-----+-----------+---------
